// Jest Snapshot v1, https://goo.gl/fbAQLP

exports[`basic examples test generator creates test naive cases 1`] = `
"

    /**
     * test for inc
     */
  import {inc}  from '../fixtures/Button.tsx'
    

    it('renders correctly', () => {
       // arrange
       const randomTestProps=val = {\\"number\\"}
   
       // act
      const result= inc(randomTestProps)
        
        // assert
        expect(result).toBeEqual(0.7484980540529262);
      });
    "
`;
